// Jest Snapshot v1, https://goo.gl/fbAQLP

exports[`can be converted 1`] = `
Object {
  "loop": "",
}
`;
